[neuboard.com/indexd404.html]
[backblue.gif]
[fade.gif]
[index.html]
[neuboard.com/plugins/daterangepickerCSS169d.css]
[neuboard.com/Content/css84ce.css]
[neuboard.com/bundles/modernizr8fce]
[neuboard.com/Images/profile.jpg]
[neuboard.com/index-2.html]
[neuboard.com/UIElements/SlidersAndProgress.html]
[neuboard.com/UIElements/Buttons.html]
[neuboard.com/UIElements/ModalsAndPopups.html]
[neuboard.com/UIElements/TabsAndAccordions.html]
[neuboard.com/UIElements/AlertsAndNotifications.html]
[neuboard.com/UIElements/NestableLists.html]
[neuboard.com/UIElements/Panels.html]
[neuboard.com/UIElements/Icons.html]
[neuboard.com/UIElements/Typography.html]
[neuboard.com/Forms/Components.html]
[neuboard.com/Forms/Validation.html]
[neuboard.com/Forms/Mask.html]
[neuboard.com/Forms/Wizard.html]
[neuboard.com/Forms/MultipleFileUpload.html]
[neuboard.com/Forms/WYSIWYGEditor.html]
[neuboard.com/Tables/BasicTables.html]
[neuboard.com/Tables/DataTables.html]
[neuboard.com/Charts/Chartjs.html]
[neuboard.com/Charts/CS3Charts.html]
[neuboard.com/Charts/MorrisJS.html]
[neuboard.com/Charts/Sparkline.html]
[neuboard.com/Mail/Inbox.html]
[neuboard.com/Mail/ComposeMail.html]
[neuboard.com/Maps/GoogleMaps.html]
[neuboard.com/Maps/VectorMaps.html]
[neuboard.com/Pages/BlankPage.html]
[neuboard.com/Pages/Profile.html]
[neuboard.com/Pages/SignIn.html]
[neuboard.com/Pages/SignUp.html]
[neuboard.com/Pages/LockedScreen.html]
[neuboard.com/Pages/Error404.html]
[neuboard.com/Pages/Error500.html]
[neuboard.com/CSSAnimations.html]
[neuboard.com/Images/avatar3.png]
[neuboard.com/Images/avatar1.png]
[neuboard.com/Images/avatar2.png]
[neuboard.com/Images/avatar4.jpg]
[neuboard.com/Images/avatar5.png]
[neuboard.com/Images/avatar6.png]
[neuboard.com/Images/avatar7.png]
[neuboard.com/Images/avatar8.png]
[neuboard.com/Images/avatar9.png]
[neuboard.com/plugins/navgoco60d9]
[neuboard.com/bundles/bootstrapbe77]
[neuboard.com/plugins/pace0f85]
[neuboard.com/plugins/switchery0d24]
[neuboard.com/bundles/appee48]
[neuboard.com/bundles/jqueryc72f]
[www.google-analytics.com/analytics.js]
[neuboard.com/plugins/countTo1498]
[neuboard.com/plugins/skycons4b2d]
[neuboard.com/plugins/momentc4b1]
[neuboard.com/plugins/daterangepickera77c]
[neuboard.com/plugins/chartjsa241]
[neuboard.com/plugins/morris03c7]
[neuboard.com/plugins/jvectormapc2fd]
[neuboard.com/plugins/gauge9011]
[neuboard.com/plugins/gauge-demo8550]
[neuboard.com/plugins/raphael8672]
[neuboard.com/plugins/calendar18d8]
[neuboard.com/plugins/calendar-demo1729]
[neuboard.com/indexd404.html]
[neuboard.com/plugins/daterangepickerCSS169d.css]
[neuboard.com/fonts/glyphicons-halflings-regular.eot]
[neuboard.com/plugins/underscore5028]
[neuboard.com/fonts/glyphicons-halflings-regular.woff]
[neuboard.com/fonts/glyphicons-halflings-regulard41d.eot]
[neuboard.com/fonts/glyphicons-halflings-regular.ttf]
[neuboard.com/fonts/fontawesome-webfont78ce.eot]
[neuboard.com/plugins/jvectormap-worldabfd]
[neuboard.com/fonts/fontawesome-webfontd41d.eot]
[neuboard.com/fonts/fontawesome-webfont78ce.woff]
[neuboard.com/fonts/fontawesome-webfont78ce.ttf]
[neuboard.com/fonts/Simple-Line-Icons.eot]
[neuboard.com/fonts/Simple-Line-Icons.woff]
[neuboard.com/fonts/Simple-Line-Iconsd41d.eot]
[neuboard.com/fonts/Simple-Line-Icons.ttf]
[neuboard.com/images/spritemap.png]
[neuboard.com/images/spritemap@2x.png]
[neuboard.com/Content/css84ce.css]
[neuboard.com/index.html]
[neuboard.com/index-2.html]
[neuboard.com/UIElements/Buttons.html]
[neuboard.com/plugins/slidersCSS648d.css]
[neuboard.com/UIElements/SlidersAndProgress.html]
[neuboard.com/UIElements/ModalsAndPopups.html]
[neuboard.com/UIElements/TabsAndAccordions.html]
[neuboard.com/plugins/sliders1b08]
[neuboard.com/plugins/messengerCSSd00a.css]
[cdnjs.cloudflare.com/ajax/libs/underscore.js/1.5.2/underscore-min.js]
[cdnjs.cloudflare.com/ajax/libs/backbone.js/1.1.0/backbone-min.js]
[neuboard.com/plugins/messengerc974]
[neuboard.com/UIElements/AlertsAndNotifications.html]
[neuboard.com/plugins/nestableJSd1d7]
[neuboard.com/UIElements/NestableLists.html]
[neuboard.com/UIElements/Panels.html]
[neuboard.com/UIElements/Icons.html]
[neuboard.com/UIElements/Typography.html]
[neuboard.com/Content/icheckCSS3e89.css]
[neuboard.com/plugins/icheckb8b9]
[neuboard.com/Forms/Components.html]
[neuboard.com/Forms/Validation.html]
[neuboard.com/plugins/validatee090]
[neuboard.com/plugins/maskedinput799d]
[neuboard.com/Forms/Mask.html]
[neuboard.com/Forms/Wizard.html]
[neuboard.com/plugins/wizarddc68]
[neuboard.com/Forms/MultipleFileUpload.html]
[neuboard.com/plugins/dropzonea9de]
[neuboard.com/plugins/wysihtml5CSS2da2.css]
[neuboard.com/Forms/WYSIWYGEditor.html]
[neuboard.com/plugins/bootstrap3-wysihtml55d51]
[neuboard.com/Tables/BasicTables.html]
[neuboard.com/plugins/dataTablesCSS529e.css]
[neuboard.com/plugins/wysihtml5b3f5]
[neuboard.com/plugins/dataTables-bootstrapcdb4]
[neuboard.com/Tables/DataTables.html]
[neuboard.com/plugins/dataTablesa0eb]
[neuboard.com/plugins/chartjs-demo8a5b]
[neuboard.com/Charts/Chartjs.html]
[neuboard.com/plugins/c3ChartCSSd3cb.css]
[neuboard.com/Charts/CS3Charts.html]
[neuboard.com/plugins/c3ChartDemo8a0b]
[neuboard.com/Charts/MorrisJS.html]
[neuboard.com/plugins/morrisExamplee1fd]
[neuboard.com/plugins/c3Chartd9fe]
[neuboard.com/Charts/Sparkline.html]
[neuboard.com/plugins/sparkline-democ85a]
[neuboard.com/Mail/Inbox.html]
[neuboard.com/Mail/ComposeMail.html]
[neuboard.com/plugins/sparkline8bbe]
[neuboard.com/plugins/c3ChartD3db48]
[neuboard.com/Maps/GoogleMaps.html]
[neuboard.com/plugins/gmaps89aa]
[neuboard.com/plugins/jvectormapsCSSf107.css]
[neuboard.com/Maps/VectorMaps.html]
[neuboard.com/Pages/BlankPage.html]
[neuboard.com/Pages/Profile.html]
[neuboard.com/Pages/SignIn.html]
[neuboard.com/Pages/SignUp.html]
[neuboard.com/Images/profile-lg.jpg]
[neuboard.com/Pages/LockedScreen.html]
[neuboard.com/Pages/Error404.html]
[neuboard.com/Pages/Error500.html]
[neuboard.com/CSSAnimations.html]
[neuboard.com/fonts/glyphicons-halflings-regular.html]
[neuboard.com/fonts/glyphicons-halflings-regular.svg]
[neuboard.com/fonts/fontawesome-webfont78ce.svg]
[neuboard.com/fonts/Simple-Line-Icons.svg]
[neuboard.com/UIElements/index.html]
[neuboard.com/plugins/slidersCSS648d.css]
[neuboard.com/plugins/messengerCSSd00a.css]
[neuboard.com/Content/icheck/grey.png]
[neuboard.com/Content/icheckCSS3e89.css]
[neuboard.com/Forms/index.html]
[neuboard.com/plugins/wysihtml5CSS2da2.css]
[neuboard.com/Tables/index.html]
[neuboard.com/plugins/dataTablesCSS529e.css]
[neuboard.com/Charts/index.html]
[neuboard.com/plugins/c3ChartCSSd3cb.css]
[neuboard.com/Mail/index.html]
[neuboard.com/Mail/mail-compose.html]
[neuboard.com/Maps/index.html]
[neuboard.com/plugins/jvectormapsCSSf107.css]
[neuboard.com/plugins/jvectormapsa8b2]
[neuboard.com/Pages/index.html]
[neuboard.com/Pages/assets/img/vac-1.html]
[neuboard.com/Pages/assets/img/vac-2.html]
[neuboard.com/Pages/assets/img/vac-3.html]
[neuboard.com/Pages/assets/img/vac-4.html]
[neuboard.com/Pages/pages-login.html]
[neuboard.com/Content/grey@2x.html]
[neuboard.com/images/sort_both.html]
[neuboard.com/images/sort_asc.html]
[neuboard.com/images/sort_desc.html]
[neuboard.com/images/sort_asc_disabled.html]
[neuboard.com/images/sort_desc_disabled.html]
